C51 COMPILER V9.54   ______________                                                        07/12/2018 08:45:07 PAGE 1   


C51 COMPILER V9.54, COMPILATION OF MODULE ______________
OBJECT MODULE PLACED IN 智能计算器设计.OBJ
COMPILER INVOKED BY: D:\KEIL 5\C51\BIN\C51.EXE 智能计算器设计.c OPTIMIZE(8,SPEED) BROWSE DEBUG OBJECTEXTEND TABS(2)

line level    source

   1          #include<reg52.h>     
   2          typedef unsigned char uint8;
   3          typedef unsigned int uint16;
   4          
   5          sbit rw=P2^5;
   6          sbit rs=P2^6;
   7          sbit e=P2^7;
   8          sbit led=P3^7;
   9          
  10          uint8 key,num,ei,eii,p;
  11          uint8 fuhao;//定义具体的那个符号，是加减还是乘除。
  12          uint8 flag; //定义有没有按下符号键，这个是统称
  13          long a,b,c,d; //定义运算数据的第一个和第二个及等于的数变量
  14          uint8 k; //定义小数点后面显示的位数
  15          
  16          uint8 dat1[]={1,2,3,0x2b-0x30, 4,5,6,0x2d-0x30, 7,8,9,0x2a-0x30,
  17                            0,0x01-0x30,0x3d-0x30,0x2b-0x30 };//保存显示的数据
  18          uint8 dat2[]="9999 revo rewsna";
  19          uint8 dat3[]="Hi welcome into";
  20          uint8 dat4[]="counter by yumo";
  21          void delay(uint16 i)
  22          {
  23   1        while(i--);
  24   1      }
  25          void lcdwrc(uint8 c)//写入命令
  26          {
  27   1        delay(1000);
  28   1        rs=0;//选择发送命令
  29   1        rw=0;//选择写入
  30   1        e=0;//使能
  31   1        
  32   1        P0=c;//放入命令
  33   1        e=1;//写时序
  34   1        delay(1000);//保持时间
  35   1        e=0;
  36   1      }
  37          void lcdwrd(uint8 dat)//写入数据
  38          {
  39   1        delay(1000);
  40   1        rs=1;//选择输入数据
  41   1        rw=0;//选择写入
  42   1        e=0;
  43   1        
  44   1        P0=dat;//写入数据
  45   1        e=1;//写入时序
  46   1        delay(1000);
  47   1        e=0;
  48   1        rs=0;
  49   1      }
  50          
  51          void lcdinit()//LCD初始化
  52          {
  53   1        delay(1500);
  54   1        lcdwrc(0x38);
  55   1        delay(500);
C51 COMPILER V9.54   ______________                                                        07/12/2018 08:45:07 PAGE 2   

  56   1        lcdwrc(0x38);
  57   1        delay(500);
  58   1        lcdwrc(0x38);
  59   1        delay(500);
  60   1        lcdwrc(0x38);
  61   1        lcdwrc(0x08);
  62   1        lcdwrc(0x01);
  63   1        lcdwrc(0x06);
  64   1        lcdwrc(0x0c);
  65   1        key=0;
  66   1        num=0;
  67   1        flag=0;
  68   1        fuhao=0;
  69   1        a=0;
  70   1        b=0;
  71   1        c=0;
  72   1        d=0;
  73   1        led=0;
  74   1      }
  75          
  76          show()
  77          {
  78   1        for(eii=0;eii<15;eii++)
  79   1        {
  80   2          
  81   2          lcdwrd(dat3[eii]);
  82   2        } 
  83   1        lcdwrc(0xc0);//写命令函数使其到第二行第一个字符
  84   1        for(p=0;p<15;p++)
  85   1        {
  86   2          
  87   2          lcdwrd(dat4[p]);
  88   2        } 
  89   1        return 1;
  90   1      }
  91          void keyscan()
  92          {
  93   1        P1=0xfe;   //令第一行为0，然后判断是哪一列按下
  94   1        if(P1!=0xfe)
  95   1        {
  96   2          delay(1000);
  97   2          if(P1!=0xfe)
  98   2          {
  99   3            key=P1&0xf0;
 100   3            switch(key)
 101   3            {
 102   4              case 0xe0: num=0;break;   //1
 103   4              case 0xd0: num=1;break;   //2
 104   4              case 0xb0: num=2;break;   //3
 105   4              case 0x70: num=3;break;   //加
 106   4            }
 107   3          }
 108   2          while(P1!=0xfe);
 109   2          if(num==0||num==1||num==2)   //确认第一行的数1,2,3
 110   2          {
 111   3            if(flag==0)  //没有按下符号键
 112   3            {
 113   4              led=1;
 114   4              a=a*10+dat1[num]; 
 115   4            }
 116   3            else
 117   3            {
C51 COMPILER V9.54   ______________                                                        07/12/2018 08:45:07 PAGE 3   

 118   4              led=1;
 119   4              delay(1000);
 120   4              led=0;
 121   4              delay(1000);
 122   4              led=1;
 123   4              b=b*10+dat1[num];
 124   4            }   
 125   3          }
 126   2          if(num==3)
 127   2          {
 128   3            led=0;
 129   3            flag=1;
 130   3            fuhao=1;//加号+ 
 131   3          }
 132   2          lcdwrd(0x30+dat1[num]);
 133   2        }
 134   1      
 135   1        P1=0xfd;        //令第二行为0，判断是哪一列按下
 136   1        if(P1!=0xfd)
 137   1        {
 138   2          delay(1000);
 139   2          if(P1!=0xfd)
 140   2          {
 141   3            key=P1&0xf0;
 142   3            switch(key)
 143   3            {
 144   4              case 0xe0: num=4;break;   //4
 145   4              case 0xd0: num=5;break;   //5
 146   4              case 0xb0: num=6;break;   //6
 147   4              case 0x70: num=7;break;   //减—
 148   4            } 
 149   3          }
 150   2          while(P1!=0xfd);
 151   2          if(num==4||num==5||num==6)
 152   2          {
 153   3            if(flag==0)  //没有按下符号键
 154   3            {
 155   4              led=1;
 156   4              a=a*10+dat1[num]; 
 157   4            }
 158   3            else
 159   3            {
 160   4              led=1;
 161   4              b=b*10+dat1[num];
 162   4            }     
 163   3          }
 164   2          else
 165   2          {
 166   3            led=0;
 167   3            flag=1;
 168   3            fuhao=2;//带表减号
 169   3          }
 170   2          lcdwrd(0x30+dat1[num]);
 171   2        }
 172   1      
 173   1        P1=0xfb;     //令第三行为0，判断哪一列按下
 174   1        if(P1!=0xfb)
 175   1        {
 176   2          delay(1000);
 177   2          if(P1!=0xfb)
 178   2          {
 179   3            key=P1&0xf0;
C51 COMPILER V9.54   ______________                                                        07/12/2018 08:45:07 PAGE 4   

 180   3            switch(key)
 181   3            {
 182   4              case 0xe0: num=8;break;   //7
 183   4              case 0xd0: num=9;break;   //8
 184   4              case 0xb0: num=10;break;  //9
 185   4              case 0x70: num=11;break;  //乘*
 186   4            } 
 187   3          }
 188   2          while(P1!=0xfb);
 189   2          if(num==8||num==9||num==10)
 190   2          {
 191   3            if(flag==0)  //没有按下符号键
 192   3            {
 193   4              led=1;
 194   4              a=a*10+dat1[num]; 
 195   4            }
 196   3            else
 197   3            {
 198   4              led=1;
 199   4              b=b*10+dat1[num];
 200   4            }     
 201   3          }
 202   2          else
 203   2          {
 204   3            led=0;
 205   3            flag=1;
 206   3            fuhao=3;//带表乘号*
 207   3          }
 208   2          lcdwrd(0x30+dat1[num]);
 209   2        }
 210   1      
 211   1        P1=0xf7;     //令第四行为0，判断哪一列按下
 212   1        if(P1!=0xf7)
 213   1        {
 214   2          delay(1000);
 215   2          if(P1!=0xf7)
 216   2          {
 217   3            key=P1&0xf0;
 218   3            switch(key)
 219   3            {
 220   4              case 0xe0: num=12;break;  //0
 221   4              case 0xd0: num=13;break;  //清除rst
 222   4              case 0xb0: num=14;break;  //等号=
 223   4              case 0x70: num=15;break;  //除/
 224   4            } 
 225   3          }
 226   2          while(P1!=0xf7);
 227   2          switch(num)
 228   2          {
 229   3            case 12: 
 230   3                if(flag==0)  //没有按下符号键
 231   3                {
 232   4                  led=1;
 233   4                  a=a*10+dat1[num];
 234   4                  lcdwrd(0x30); 
 235   4                }
 236   3                else
 237   3                {
 238   4                  led=1;
 239   4                  b=b*10+dat1[num];
 240   4                  lcdwrd(0x30);
 241   4                }
C51 COMPILER V9.54   ______________                                                        07/12/2018 08:45:07 PAGE 5   

 242   3                break;      
 243   3            case 13: 
 244   3                lcdwrc(0x01); //清屏指令      
 245   3                a=0;
 246   3                b=0;
 247   3                c=0;
 248   3                flag=0;
 249   3                fuhao=0;
 250   3                break;
 251   3            case 15:
 252   3              
 253   3                led=0;
 254   3                flag=1;
 255   3                fuhao=4;
 256   3                lcdwrd(0x2f);//除号/
 257   3                break;          
 258   3            case 14:          //如果是等于号
 259   3                if(fuhao==1)//加
 260   3                {
 261   4                  lcdwrc(0x4f+0x80);
 262   4                  lcdwrc(0x04);//设置光标左移，屏幕不移动
 263   4                  c=a+b;
 264   4                  
 265   4                  if(c==0)
 266   4                  {
 267   5                    lcdwrc(0x4f+0x80);
 268   5                    lcdwrc(0x04);
 269   5                    lcdwrd(0x30);
 270   5                  }
 271   4                  while((c!=0)&&(c<=9999))   //一位一位显示
 272   4                  {
 273   5                    
 274   5                    lcdwrd(0x30+c%10);//显示结果的最后一位在0x4f的位置
 275   5                    c=c/10;//取前面的结果数据 
 276   5                  }           
 277   4                  if(c>9999)
 278   4                  {
 279   5                    for(ei=0;ei<=16;ei++)
 280   5                    {
 281   6                      lcdwrd(dat2[ei]);     
 282   6                    }     
 283   5                  }           
 284   4                  lcdwrd(0x3d); //显示等于号=
 285   4                  a=0;
 286   4                  b=0;
 287   4                  c=0;
 288   4                  flag=0;
 289   4                  fuhao=0;//全部清除为0
 290   4                }         
 291   3                if(fuhao==2)   //减
 292   3                {
 293   4                  lcdwrc(0x4f+0x80);
 294   4                  lcdwrc(0x04);//设置光标左移，屏幕不移动
 295   4                  if(a>b)
 296   4                    c=a-b;
 297   4                  else
 298   4                    c=b-a;
 299   4                  
 300   4                  if((c==0))//此语句位置影响显示
 301   4                  {
 302   5                    lcdwrc(0x4f+0x80);
 303   5                    lcdwrc(0x04);
C51 COMPILER V9.54   ______________                                                        07/12/2018 08:45:07 PAGE 6   

 304   5                    lcdwrd(0x30);
 305   5                  }
 306   4                  while((c!=0)&&(c<=9999))   //一位一位显示
 307   4                  {
 308   5                    lcdwrd(0x30+c%10);//显示结果的最后一位在0x4f的位置
 309   5                    c=c/10;//取前面的结果数据 
 310   5                  }
 311   4                  if(c>9999) 
 312   4                  {
 313   5                    for(ei=0;ei<=16;ei++)
 314   5                    {
 315   6                      lcdwrd(dat2[ei]);     
 316   6                    }               
 317   5                  }         
 318   4                  if(a<b) lcdwrd(0x2d); //显示-号
 319   4                  lcdwrd(0x3d); //显示等于号=
 320   4                  a=0;
 321   4                  b=0;
 322   4                  flag=0;
 323   4                  fuhao=0;//全部清除为0
 324   4                }         
 325   3                if(fuhao==3)//乘法    
 326   3                {
 327   4                  lcdwrc(0x4f+0x80);
 328   4                  lcdwrc(0x04);//设置光标左移，屏幕不移动
 329   4                  c=a*b;
 330   4                  while((c!=0)&(c<=9999))  //一位一位显示
 331   4                  {
 332   5                    lcdwrd(0x30+c%10);//显示结果的最后一位在0x4f的位置
 333   5                    c=c/10;//取前面的结果数据 
 334   5                  }
 335   4                  if (c>9999) 
 336   4                  {
 337   5                    for(ei=0;ei<=16;ei++)
 338   5                    {
 339   6                      lcdwrd(dat2[ei]);     
 340   6                    }         
 341   5                  }
 342   4                  if(a==0||b==0)
 343   4                  {
 344   5                    lcdwrd(0x30);
 345   5                  }
 346   4                  lcdwrd(0x3d); //显示等于号=
 347   4                  a=0;
 348   4                  b=0;
 349   4                  flag=0;
 350   4                  fuhao=0;//全部清除为0 
 351   4                }       
 352   3                if(fuhao==4)//除法
 353   3                {
 354   4                  k=0;
 355   4                  lcdwrc(0x4f+0x80);
 356   4                  lcdwrc(0x04);//设置光标左移，屏幕不移动
 357   4                  c=(long)(((float)a/b)*10000);//强制转换为long。
 358   4                  while((c!=0)&&(c<=99990000))   //一位一位显示
 359   4                  {
 360   5                    k++;
 361   5                    lcdwrd(0x30+c%10);//显示结果的最后一位在0x4f的位置
 362   5                    c=c/10;//取前面的结果数据
 363   5                    if(k==4)//结果保留四位有效数字
 364   5                    {
 365   6                      lcdwrd(0x2e);//显示一个点
C51 COMPILER V9.54   ______________                                                        07/12/2018 08:45:07 PAGE 7   

 366   6                      //k=0;//倘若K=0，那么每隔三位就有一个小数点，计算器上的逗号就是这个原理。
 367   6                    }   
 368   5                  }
 369   4                  if(c>99990000) 
 370   4                  {
 371   5                    for(ei=0;ei<=16;ei++)
 372   5                    {
 373   6                      lcdwrd(dat2[ei]);     
 374   6                    }   
 375   5                  }
 376   4                  if(0<(a/b)<0.1001)
 377   4                  {
 378   5                    //lcdwrd(0x2e);
 379   5                    
 380   5                  }
 381   4                  if((a/b)<1)   //如果a比b小的话那么除的结果最高位是0
 382   4                  {
 383   5                    lcdwrd(0x30); 
 384   5                  }
 385   4                  if(b==0)//检错因为除数不能为0，否则就显示ERROR
 386   4                  {
 387   5                    lcdwrc(0x4f+0x80);
 388   5                    lcdwrc(0x04);
 389   5                    lcdwrd(0x52);
 390   5                    lcdwrd(0x4f);
 391   5                    lcdwrd(0x52);                       
 392   5                    lcdwrd(0x52);
 393   5                    lcdwrd(0x45);
 394   5                  }
 395   4                  lcdwrd(0x3d); //显示等号
 396   4                  a=0;
 397   4                  b=0;
 398   4                  flag=0;
 399   4                  fuhao=0;//全部清除为0
 400   4                }
 401   3                break;
 402   3          }
 403   2        }
 404   1      }
 405          void main()
 406          {
 407   1        lcdinit();
 408   1        show();//个性化界面
 409   1        while(1)
 410   1        {   
 411   2          keyscan();  
 412   2        }
 413   1      }


MODULE INFORMATION:   STATIC OVERLAYABLE
   CODE SIZE        =   2199    ----
   CONSTANT SIZE    =   ----    ----
   XDATA SIZE       =   ----    ----
   PDATA SIZE       =   ----    ----
   DATA SIZE        =     89    ----
   IDATA SIZE       =   ----    ----
   BIT SIZE         =   ----    ----
END OF MODULE INFORMATION.


C51 COMPILATION COMPLETE.  0 WARNING(S),  0 ERROR(S)
